// Jest Snapshot v1, https://goo.gl/fbAQLP

exports[`<_NewItem /> images are added if they exist 1`] = `
Array [
  Object {
    "data": "12345",
    "filename": "image0.jpg",
    "name": "pictures[]",
    "type": "image/foo",
  },
  Object {
    "data": "12345",
    "filename": "image1.jpg",
    "name": "pictures[]",
    "type": "image/foo",
  },
]
`;

exports[`<_NewItem /> renders correctly 1`] = `
<RCTScrollView
  keyboardShouldPersistTaps="handled"
>
  <View>
    <View
      style={
        Object {
          "alignItems": "center",
          "flex": 1,
          "marginTop": 5,
        }
      }
    >
      <Text
        style={
          Object {
            "alignSelf": "stretch",
            "color": "#848484",
            "fontFamily": null,
            "fontSize": 25,
            "marginBottom": 15,
            "marginLeft": 56.25,
            "marginTop": 20,
            "textAlign": "left",
          }
        }
      >
        Item details
      </Text>
      <View>
        <View
          style={
            Object {
              "backgroundColor": "#fff",
              "borderRadius": 10,
              "elevation": 1,
              "height": 80.03999999999999,
              "marginBottom": 10,
              "width": 637.5,
            }
          }
        >
          <TextInput
            allowFontScaling={true}
            autoCapitalize="sentences"
            autoCorrect={false}
            keyboardType="email-address"
            maxLength={40}
            onChangeText={[Function]}
            placeholder="Title"
            style={
              Array [
                Object {
                  "alignItems": "center",
                  "fontSize": 16,
                  "marginLeft": 15,
                  "marginRight": 15,
                  "padding": 5,
                  "width": 525,
                },
              ]
            }
            underlineColorAndroid="transparent"
            value=""
          />
        </View>
        <View
          style={
            Object {
              "backgroundColor": "#fff",
              "borderRadius": 10,
              "elevation": 1,
              "height": 266.8,
              "marginBottom": 10,
              "width": 637.5,
            }
          }
        >
          <TextInput
            allowFontScaling={true}
            autoCapitalize="sentences"
            autoCorrect={false}
            keyboardType="email-address"
            maxLength={400}
            multiline={true}
            onChangeText={[Function]}
            placeholder="Description"
            style={
              Array [
                Object {
                  "alignItems": "center",
                  "fontSize": 16,
                  "marginLeft": 15,
                  "marginRight": 15,
                  "padding": 5,
                  "width": 525,
                },
              ]
            }
            underlineColorAndroid="transparent"
            value=""
          />
        </View>
        <View
          style={
            Object {
              "backgroundColor": "#fff",
              "borderRadius": 10,
              "elevation": 1,
              "height": 80.03999999999999,
              "marginBottom": 10,
              "width": 637.5,
            }
          }
        >
          <TextInput
            allowFontScaling={true}
            autoCorrect={false}
            autoFocus={false}
            keyboardType="numeric"
            maxLength={5}
            onChangeText={[Function]}
            placeholder="Price"
            style={
              Array [
                Object {
                  "alignItems": "center",
                  "fontSize": 16,
                  "marginLeft": 15,
                  "marginRight": 15,
                  "padding": 5,
                  "width": 525,
                },
              ]
            }
            underlineColorAndroid="transparent"
            value=""
          />
        </View>
      </View>
      <Text
        style={
          Object {
            "alignSelf": "stretch",
            "color": "#848484",
            "fontFamily": null,
            "fontSize": 25,
            "marginBottom": 15,
            "marginLeft": 56.25,
            "marginTop": 20,
            "textAlign": "left",
          }
        }
      >
        Add pictures
      </Text>
      <View
        style={
          Object {
            "backgroundColor": "transparent",
            "flex": 1,
            "flexDirection": "row",
          }
        }
      >
        <View
          accessible={true}
          isTVSelectable={true}
          onResponderGrant={[Function]}
          onResponderMove={[Function]}
          onResponderRelease={[Function]}
          onResponderTerminate={[Function]}
          onResponderTerminationRequest={[Function]}
          onStartShouldSetResponder={[Function]}
          style={
            Array [
              Object {
                "overflow": "hidden",
              },
              Object {
                "backgroundColor": "transparent",
                "borderRadius": 5,
              },
            ]
          }
        >
          <View
            style={
              Array [
                Object {
                  "alignItems": "center",
                  "flexDirection": "row",
                  "justifyContent": "flex-start",
                  "padding": 8,
                },
                Object {
                  "backgroundColor": "transparent",
                  "borderRadius": 5,
                },
                Object {
                  "backgroundColor": "white",
                  "borderRadius": 10,
                  "elevation": 1,
                  "flex": 0.4,
                  "height": 262.5,
                  "justifyContent": "center",
                  "margin": 14,
                  "width": 262.5,
                },
              ]
            }
          >
            <Text
              allowFontScaling={false}
              onPress={[Function]}
              style={
                Array [
                  Object {
                    "color": "gray",
                    "fontSize": 210.00000000000003,
                  },
                  Object {
                    "marginRight": 10,
                  },
                  Object {
                    "fontFamily": "Material Icons",
                    "fontStyle": "normal",
                    "fontWeight": "normal",
                  },
                ]
              }
            >
              
            </Text>
          </View>
        </View>
        <View
          accessible={true}
          isTVSelectable={true}
          onResponderGrant={[Function]}
          onResponderMove={[Function]}
          onResponderRelease={[Function]}
          onResponderTerminate={[Function]}
          onResponderTerminationRequest={[Function]}
          onStartShouldSetResponder={[Function]}
          style={
            Array [
              Object {
                "overflow": "hidden",
              },
              Object {
                "backgroundColor": "transparent",
                "borderRadius": 5,
              },
            ]
          }
        >
          <View
            style={
              Array [
                Object {
                  "alignItems": "center",
                  "flexDirection": "row",
                  "justifyContent": "flex-start",
                  "padding": 8,
                },
                Object {
                  "backgroundColor": "transparent",
                  "borderRadius": 5,
                },
                Object {
                  "backgroundColor": "white",
                  "borderRadius": 10,
                  "elevation": 1,
                  "flex": 0.4,
                  "height": 262.5,
                  "justifyContent": "center",
                  "margin": 14,
                  "width": 262.5,
                },
              ]
            }
          >
            <Text
              allowFontScaling={false}
              onPress={[Function]}
              style={
                Array [
                  Object {
                    "color": "gray",
                    "fontSize": 210.00000000000003,
                  },
                  Object {
                    "marginRight": 10,
                  },
                  Object {
                    "fontFamily": "Material Icons",
                    "fontStyle": "normal",
                    "fontWeight": "normal",
                  },
                ]
              }
            >
              
            </Text>
          </View>
        </View>
      </View>
      <View
        style={
          Object {
            "backgroundColor": "transparent",
            "flex": 1,
            "flexDirection": "row",
          }
        }
      >
        <View
          accessible={true}
          isTVSelectable={true}
          onResponderGrant={[Function]}
          onResponderMove={[Function]}
          onResponderRelease={[Function]}
          onResponderTerminate={[Function]}
          onResponderTerminationRequest={[Function]}
          onStartShouldSetResponder={[Function]}
          style={
            Array [
              Object {
                "overflow": "hidden",
              },
              Object {
                "backgroundColor": "transparent",
                "borderRadius": 5,
              },
            ]
          }
        >
          <View
            style={
              Array [
                Object {
                  "alignItems": "center",
                  "flexDirection": "row",
                  "justifyContent": "flex-start",
                  "padding": 8,
                },
                Object {
                  "backgroundColor": "transparent",
                  "borderRadius": 5,
                },
                Object {
                  "backgroundColor": "white",
                  "borderRadius": 10,
                  "elevation": 1,
                  "flex": 0.4,
                  "height": 262.5,
                  "justifyContent": "center",
                  "margin": 14,
                  "width": 262.5,
                },
              ]
            }
          >
            <Text
              allowFontScaling={false}
              onPress={[Function]}
              style={
                Array [
                  Object {
                    "color": "gray",
                    "fontSize": 210.00000000000003,
                  },
                  Object {
                    "marginRight": 10,
                  },
                  Object {
                    "fontFamily": "Material Icons",
                    "fontStyle": "normal",
                    "fontWeight": "normal",
                  },
                ]
              }
            >
              
            </Text>
          </View>
        </View>
        <View
          accessible={true}
          isTVSelectable={true}
          onResponderGrant={[Function]}
          onResponderMove={[Function]}
          onResponderRelease={[Function]}
          onResponderTerminate={[Function]}
          onResponderTerminationRequest={[Function]}
          onStartShouldSetResponder={[Function]}
          style={
            Array [
              Object {
                "overflow": "hidden",
              },
              Object {
                "backgroundColor": "transparent",
                "borderRadius": 5,
              },
            ]
          }
        >
          <View
            style={
              Array [
                Object {
                  "alignItems": "center",
                  "flexDirection": "row",
                  "justifyContent": "flex-start",
                  "padding": 8,
                },
                Object {
                  "backgroundColor": "transparent",
                  "borderRadius": 5,
                },
                Object {
                  "backgroundColor": "white",
                  "borderRadius": 10,
                  "elevation": 1,
                  "flex": 0.4,
                  "height": 262.5,
                  "justifyContent": "center",
                  "margin": 14,
                  "width": 262.5,
                },
              ]
            }
          >
            <Text
              allowFontScaling={false}
              onPress={[Function]}
              style={
                Array [
                  Object {
                    "color": "gray",
                    "fontSize": 210.00000000000003,
                  },
                  Object {
                    "marginRight": 10,
                  },
                  Object {
                    "fontFamily": "Material Icons",
                    "fontStyle": "normal",
                    "fontWeight": "normal",
                  },
                ]
              }
            >
              
            </Text>
          </View>
        </View>
      </View>
      <View
        accessible={true}
        isTVSelectable={true}
        onResponderGrant={[Function]}
        onResponderMove={[Function]}
        onResponderRelease={[Function]}
        onResponderTerminate={[Function]}
        onResponderTerminationRequest={[Function]}
        onStartShouldSetResponder={[Function]}
        style={
          Object {
            "alignItems": "center",
            "backgroundColor": "#4d4dff",
            "borderRadius": 30,
            "elevation": 1,
            "margin": 15,
            "marginTop": 15,
            "paddingBottom": 8,
            "paddingTop": 8,
            "width": 525,
          }
        }
      >
        <Text
          style={
            Object {
              "color": "white",
              "fontFamily": null,
              "fontSize": 16,
              "fontWeight": "bold",
            }
          }
        >
          Submit item
        </Text>
      </View>
    </View>
  </View>
</RCTScrollView>
`;
