// Jest Snapshot v1, https://goo.gl/fbAQLP

exports[`_UserItem renders and shows current details 1`] = `
<Component>
  <Swipeout
    autoClose={true}
    disabled={false}
    right={
      Array [
        Object {
          "backgroundColor": "#ff1018",
          "onPress": [Function],
          "text": "Delete",
        },
      ]
    }
  >
    <TouchableOpacity
      onPress={[Function]}
    >
      <Component
        style={
          Object {
            "backgroundColor": "#FFFFFF",
            "borderWidth": 0,
            "flex": 1,
            "flexDirection": "row",
          }
        }
      >
        <ImageLoad
          placeholderStyle={
            Object {
              "height": 70,
              "resizeMode": "contain",
            }
          }
          source={
            Object {
              "uri": "http://localhost:5000/api/v1.0/2/image0.jpg",
            }
          }
          style={
            Object {
              "borderRadius": 100,
              "height": 112.5,
              "margin": 10,
              "overflow": "hidden",
              "width": 112.5,
            }
          }
        />
        <Component
          style={
            Object {
              "backgroundColor": "#FFFFFF",
              "flex": 1,
              "flexDirection": "column",
              "padding": 10,
              "width": 750,
            }
          }
        >
          <Text
            style={
              Object {
                "fontSize": 17,
                "fontWeight": "bold",
              }
            }
          >
            Item 1
          </Text>
          <Text
            style={
              Object {
                "fontSize": 16,
              }
            }
          >
            50 €
          </Text>
        </Component>
      </Component>
    </TouchableOpacity>
  </Swipeout>
</Component>
`;
