// Jest Snapshot v1, https://goo.gl/fbAQLP

exports[`<LocationInfoText /> renders correctly 1`] = `
<View
  style={
    Object {
      "alignSelf": "stretch",
    }
  }
>
  <Text
    style={
      Object {
        "fontFamily": null,
        "marginBottom": 5,
        "marginLeft": 90,
        "textAlign": "left",
      }
    }
  >
    • Your exact location is not visible to others
  </Text>
  <Text
    style={
      Object {
        "fontFamily": null,
        "marginBottom": 5,
        "marginLeft": 90,
        "textAlign": "left",
      }
    }
  >
    •
    <Text
      style={
        Object {
          "color": "blue",
        }
      }
    >
       Blue
    </Text>
    <Text>
       color indicates your item's location
    </Text>
  </Text>
  <Text
    style={
      Object {
        "fontFamily": null,
        "marginBottom": 5,
        "marginLeft": 90,
        "textAlign": "left",
      }
    }
  >
    •
    <Text
      style={
        Object {
          "color": "red",
        }
      }
    >
       Red
    </Text>
    <Text>
       color indicates your location
    </Text>
  </Text>
</View>
`;
