// Jest Snapshot v1, https://goo.gl/fbAQLP

exports[`<Chat /> renders correctly 1`] = `
<mockConstructor
  isAnimated={true}
  messages={
    Array [
      Object {
        "_id": 1,
        "createdAt": 2016-01-01T00:00:00.000Z,
        "text": "Hello developer",
        "user": Object {
          "_id": 2,
          "avatar": "http://localhost:5000/api/v1.0/0/image0.jpg",
          "name": "React Native",
        },
      },
      Object {
        "_id": 2,
        "createdAt": 2016-01-01T00:00:00.000Z,
        "text": "Hello stranger!",
        "user": Object {
          "_id": 1,
          "avatar": "http://localhost:5000/api/v1.0/0/image0.jpg",
          "name": "Raimo",
        },
      },
    ]
  }
  onSend={[Function]}
  user={
    Object {
      "_id": 1,
    }
  }
/>
`;
