// Jest Snapshot v1, https://goo.gl/fbAQLP

exports[`New Item renders correctly 1`] = `
<View
  style={
    Array [
      Object {
        "alignItems": "center",
        "flex": 1,
        "justifyContent": "space-around",
      },
    ]
  }
>
  <View
    keyboardVerticalOffset={64}
    onLayout={[Function]}
    style={
      Array [
        undefined,
        Object {
          "paddingBottom": 0,
        },
      ]
    }
  />
  <View
    style={
      Object {
        "backgroundColor": "#fff",
        "borderColor": "black",
        "borderWidth": 1,
        "elevation": 1,
        "flex": 0.5,
        "justifyContent": "space-around",
        "width": NaN,
      }
    }
  >
    <TextInput
      allowFontScaling={true}
      autoCapitalize="sentences"
      autoCorrect={false}
      autoFocus={true}
      keyboardType="email-address"
      maxLength={40}
      onChangeText={[Function]}
      placeholder="Title"
      style={
        Array [
          Object {
            "alignItems": "center",
            "marginLeft": 15,
            "marginRight": 15,
            "width": 525,
          },
        ]
      }
      underlineColorAndroid="transparent"
      value=""
    />
    <TextInput
      allowFontScaling={true}
      autoCapitalize="sentences"
      autoCorrect={false}
      keyboardType="email-address"
      maxLength={60}
      onChangeText={[Function]}
      placeholder="Description"
      style={
        Array [
          Object {
            "alignItems": "center",
            "marginLeft": 15,
            "marginRight": 15,
            "width": 525,
          },
        ]
      }
      underlineColorAndroid="transparent"
      value=""
    />
    <TextInput
      allowFontScaling={true}
      autoCorrect={false}
      autoFocus={false}
      keyboardType="numeric"
      maxLength={5}
      onChangeText={[Function]}
      placeholder="Price"
      style={
        Array [
          Object {
            "alignItems": "center",
            "marginLeft": 15,
            "marginRight": 15,
            "width": 525,
          },
        ]
      }
      underlineColorAndroid="transparent"
      value=""
    />
  </View>
  <View
    accessibilityComponentType="button"
    accessibilityLabel={undefined}
    accessibilityTraits={
      Array [
        "button",
      ]
    }
    accessible={true}
    collapsable={undefined}
    hasTVPreferredFocus={undefined}
    hitSlop={undefined}
    isTVSelectable={true}
    nativeID={undefined}
    onLayout={undefined}
    onResponderGrant={[Function]}
    onResponderMove={[Function]}
    onResponderRelease={[Function]}
    onResponderTerminate={[Function]}
    onResponderTerminationRequest={[Function]}
    onStartShouldSetResponder={[Function]}
    style={
      Object {
        "opacity": 1,
      }
    }
    testID={undefined}
    tvParallaxProperties={undefined}
  >
    <View
      style={
        Array [
          Object {},
        ]
      }
    >
      <Text
        accessible={true}
        allowFontScaling={true}
        disabled={undefined}
        ellipsizeMode="tail"
        style={
          Array [
            Object {
              "color": "#007AFF",
              "fontSize": 18,
              "padding": 8,
              "textAlign": "center",
            },
          ]
        }
      >
        Submit item
      </Text>
    </View>
  </View>
</View>
`;
